main.c:71:6:setCol	16	static
main.c:81:6:setMATRIX	8	static
main.c:92:6:updateLEDMatrix	16	static
main.c:133:6:setTimer0	16	static
main.c:137:6:setTimer1	16	static
main.c:141:6:setTimer2	16	static
main.c:145:6:timer_run	4	static
main.c:159:6:Ex5	8	static
main.c:183:5:main	8	static
main.c:239:6:SystemClock_Config	72	static
main.c:275:13:MX_TIM2_Init	32	static
main.c:320:13:MX_GPIO_Init	32	static
main.c:386:6:Exercise1	8	static
main.c:405:6:SevenSegmentBCD	32	static
main.c:430:6:displaySevenSeg	16	static
main.c:433:6:update7SEG	16	static
main.c:456:6:Exercise2	8	static
main.c:478:6:Exercise4	8	static
main.c:495:6:Exercise7	8	static
main.c:515:6:updateClockBuffer	4	static
main.c:523:6:HAL_TIM_PeriodElapsedCallback	16	static
main.c:533:6:Error_Handler	4	static,ignoring_inline_asm
